src/admin/api/uploadCloudinary.api.ts(3,23): error TS1343: The 'import.meta' meta-property is only allowed when the '--module' option is 'es2020', 'es2022', 'esnext', 'system', 'node16', 'node18', or 'nodenext'.
src/admin/api/uploadCloudinary.api.ts(3,35): error TS2339: Property 'env' does not exist on type 'ImportMeta'.
src/admin/api/uploadCloudinary.api.ts(4,24): error TS1343: The 'import.meta' meta-property is only allowed when the '--module' option is 'es2020', 'es2022', 'esnext', 'system', 'node16', 'node18', or 'nodenext'.
src/admin/api/uploadCloudinary.api.ts(4,36): error TS2339: Property 'env' does not exist on type 'ImportMeta'.
src/admin/pages/boarding/BoardingCareSchedulePage.tsx(1,8): error TS1259: Module '"d:/WDP301/WDP301_FE/node_modules/dayjs/index"' can only be default-imported using the 'esModuleInterop' flag
src/admin/pages/boarding/BoardingCareSchedulePage.tsx(40,28): error TS6142: Module '../../components/ui/Breadcrumb' was resolved to 'd:/WDP301/WDP301_FE/src/admin/components/ui/Breadcrumb.tsx', but '--jsx' is not set.
src/admin/pages/boarding/BoardingCareSchedulePage.tsx(41,41): error TS6142: Module './BoardingPetDiaryManager' was resolved to 'd:/WDP301/WDP301_FE/src/admin/pages/boarding/BoardingPetDiaryManager.tsx', but '--jsx' is not set.
src/admin/pages/boarding/BoardingCareSchedulePage.tsx(42,39): error TS6142: Module './BoardingTaskDashboard' was resolved to 'd:/WDP301/WDP301_FE/src/admin/pages/boarding/BoardingTaskDashboard.tsx', but '--jsx' is not set.
src/admin/pages/boarding/BoardingCareSchedulePage.tsx(43,23): error TS6142: Module '../../components/ui/Title' was resolved to 'd:/WDP301/WDP301_FE/src/admin/components/ui/Title.tsx', but '--jsx' is not set.
src/admin/pages/boarding/BoardingCareSchedulePage.tsx(45,24): error TS6142: Module '../../components/ui/Search' was resolved to 'd:/WDP301/WDP301_FE/src/admin/components/ui/Search.tsx', but '--jsx' is not set.
src/admin/pages/boarding/BoardingCareSchedulePage.tsx(238,13): error TS17004: Cannot use JSX unless the '--jsx' flag is provided.
src/admin/pages/boarding/BoardingCareSchedulePage.tsx(239,17): error TS17004: Cannot use JSX unless the '--jsx' flag is provided.
src/admin/pages/boarding/BoardingCareSchedulePage.tsx(240,21): error TS17004: Cannot use JSX unless the '--jsx' flag is provided.
src/admin/pages/boarding/BoardingCareSchedulePage.tsx(240,90): error TS17004: Cannot use JSX unless the '--jsx' flag is provided.
src/admin/pages/boarding/BoardingCareSchedulePage.tsx(240,174): error TS17004: Cannot use JSX unless the '--jsx' flag is provided.
src/admin/pages/boarding/BoardingCareSchedulePage.tsx(241,21): error TS17004: Cannot use JSX unless the '--jsx' flag is provided.
src/admin/pages/boarding/BoardingCareSchedulePage.tsx(243,17): error TS17004: Cannot use JSX unless the '--jsx' flag is provided.
src/admin/pages/boarding/BoardingCareSchedulePage.tsx(245,25): error TS17004: Cannot use JSX unless the '--jsx' flag is provided.
src/admin/pages/boarding/BoardingCareSchedulePage.tsx(246,51): error TS17004: Cannot use JSX unless the '--jsx' flag is provided.
src/admin/pages/boarding/BoardingCareSchedulePage.tsx(246,137): error TS17004: Cannot use JSX unless the '--jsx' flag is provided.
src/admin/pages/boarding/BoardingCareSchedulePage.tsx(247,29): error TS17004: Cannot use JSX unless the '--jsx' flag is provided.
src/admin/pages/boarding/BoardingCareSchedulePage.tsx(247,223): error TS17004: Cannot use JSX unless the '--jsx' flag is provided.
src/admin/pages/boarding/BoardingCareSchedulePage.tsx(256,9): error TS17004: Cannot use JSX unless the '--jsx' flag is provided.
src/admin/pages/boarding/BoardingCareSchedulePage.tsx(257,13): error TS17004: Cannot use JSX unless the '--jsx' flag is provided.
src/admin/pages/boarding/BoardingCareSchedulePage.tsx(258,17): error TS17004: Cannot use JSX unless the '--jsx' flag is provided.
src/admin/pages/boarding/BoardingCareSchedulePage.tsx(258,22): error TS17004: Cannot use JSX unless the '--jsx' flag is provided.
src/admin/pages/boarding/BoardingCareSchedulePage.tsx(258,53): error TS17004: Cannot use JSX unless the '--jsx' flag is provided.
src/admin/pages/boarding/BoardingCareSchedulePage.tsx(259,17): error TS17004: Cannot use JSX unless the '--jsx' flag is provided.
src/admin/pages/boarding/BoardingCareSchedulePage.tsx(261,25): error TS17004: Cannot use JSX unless the '--jsx' flag is provided.
src/admin/pages/boarding/BoardingCareSchedulePage.tsx(266,40): error TS17004: Cannot use JSX unless the '--jsx' flag is provided.
src/admin/pages/boarding/BoardingCareSchedulePage.tsx(272,21): error TS17004: Cannot use JSX unless the '--jsx' flag is provided.
src/admin/pages/boarding/BoardingCareSchedulePage.tsx(273,25): error TS17004: Cannot use JSX unless the '--jsx' flag is provided.
src/admin/pages/boarding/BoardingCareSchedulePage.tsx(274,25): error TS17004: Cannot use JSX unless the '--jsx' flag is provided.
src/admin/pages/boarding/BoardingCareSchedulePage.tsx(279,36): error TS17004: Cannot use JSX unless the '--jsx' flag is provided.
src/admin/pages/boarding/BoardingCareSchedulePage.tsx(280,17): error TS17004: Cannot use JSX unless the '--jsx' flag is provided.
src/admin/pages/boarding/BoardingCareSchedulePage.tsx(281,21): error TS17004: Cannot use JSX unless the '--jsx' flag is provided.
src/admin/pages/boarding/BoardingCareSchedulePage.tsx(282,25): error TS17004: Cannot use JSX unless the '--jsx' flag is provided.
src/admin/pages/boarding/BoardingCareSchedulePage.tsx(283,25): error TS17004: Cannot use JSX unless the '--jsx' flag is provided.
src/admin/pages/boarding/BoardingCareSchedulePage.tsx(283,94): error TS17004: Cannot use JSX unless the '--jsx' flag is provided.
src/admin/pages/boarding/BoardingCareSchedulePage.tsx(283,128): error TS17004: Cannot use JSX unless the '--jsx' flag is provided.
src/admin/pages/boarding/BoardingCareSchedulePage.tsx(283,159): error TS17004: Cannot use JSX unless the '--jsx' flag is provided.
src/admin/pages/boarding/BoardingCareSchedulePage.tsx(284,25): error TS17004: Cannot use JSX unless the '--jsx' flag is provided.
src/admin/pages/boarding/BoardingCareSchedulePage.tsx(285,25): error TS17004: Cannot use JSX unless the '--jsx' flag is provided.
src/admin/pages/boarding/BoardingCareSchedulePage.tsx(285,111): error TS17004: Cannot use JSX unless the '--jsx' flag is provided.
src/admin/pages/boarding/BoardingCareSchedulePage.tsx(287,21): error TS17004: Cannot use JSX unless the '--jsx' flag is provided.
src/admin/pages/boarding/BoardingCareSchedulePage.tsx(288,25): error TS17004: Cannot use JSX unless the '--jsx' flag is provided.
src/admin/pages/boarding/BoardingCareSchedulePage.tsx(288,32): error TS17004: Cannot use JSX unless the '--jsx' flag is provided.
src/admin/pages/boarding/BoardingCareSchedulePage.tsx(288,72): error TS17004: Cannot use JSX unless the '--jsx' flag is provided.
src/admin/pages/boarding/BoardingCareSchedulePage.tsx(288,82): error TS17004: Cannot use JSX unless the '--jsx' flag is provided.
src/admin/pages/boarding/BoardingCareSchedulePage.tsx(288,106): error TS17004: Cannot use JSX unless the '--jsx' flag is provided.
src/admin/pages/boarding/BoardingCareSchedulePage.tsx(288,136): error TS17004: Cannot use JSX unless the '--jsx' flag is provided.
src/admin/pages/boarding/BoardingCareSchedulePage.tsx(288,169): error TS17004: Cannot use JSX unless the '--jsx' flag is provided.
src/admin/pages/boarding/BoardingCareSchedulePage.tsx(288,199): error TS17004: Cannot use JSX unless the '--jsx' flag is provided.
src/admin/pages/boarding/BoardingCareSchedulePage.tsx(288,232): error TS17004: Cannot use JSX unless the '--jsx' flag is provided.
src/admin/pages/boarding/BoardingCareSchedulePage.tsx(289,29): error TS17004: Cannot use JSX unless the '--jsx' flag is provided.
src/admin/pages/boarding/BoardingCareSchedulePage.tsx(290,46): error TS17004: Cannot use JSX unless the '--jsx' flag is provided.
src/admin/pages/boarding/BoardingCareSchedulePage.tsx(290,56): error TS17004: Cannot use JSX unless the '--jsx' flag is provided.
src/admin/pages/boarding/BoardingCareSchedulePage.tsx(290,109): error TS17004: Cannot use JSX unless the '--jsx' flag is provided.
src/admin/pages/boarding/BoardingCareSchedulePage.tsx(290,178): error TS17004: Cannot use JSX unless the '--jsx' flag is provided.
src/admin/pages/boarding/BoardingCareSchedulePage.tsx(290,188): error TS17004: Cannot use JSX unless the '--jsx' flag is provided.
src/admin/pages/boarding/BoardingCareSchedulePage.tsx(291,37): error TS17004: Cannot use JSX unless the '--jsx' flag is provided.
src/admin/pages/boarding/BoardingCareSchedulePage.tsx(292,41): error TS17004: Cannot use JSX unless the '--jsx' flag is provided.
src/admin/pages/boarding/BoardingCareSchedulePage.tsx(293,45): error TS17004: Cannot use JSX unless the '--jsx' flag is provided.
src/admin/pages/boarding/BoardingCareSchedulePage.tsx(293,56): error TS17004: Cannot use JSX unless the '--jsx' flag is provided.
src/admin/pages/boarding/BoardingCareSchedulePage.tsx(293,180): error TS17004: Cannot use JSX unless the '--jsx' flag is provided.
src/admin/pages/boarding/BoardingCareSchedulePage.tsx(294,45): error TS17004: Cannot use JSX unless the '--jsx' flag is provided.
src/admin/pages/boarding/BoardingCareSchedulePage.tsx(294,56): error TS17004: Cannot use JSX unless the '--jsx' flag is provided.
src/admin/pages/boarding/BoardingCareSchedulePage.tsx(295,45): error TS17004: Cannot use JSX unless the '--jsx' flag is provided.
src/admin/pages/boarding/BoardingCareSchedulePage.tsx(295,56): error TS17004: Cannot use JSX unless the '--jsx' flag is provided.
src/admin/pages/boarding/BoardingCareSchedulePage.tsx(295,111): error TS17004: Cannot use JSX unless the '--jsx' flag is provided.
src/admin/pages/boarding/BoardingCareSchedulePage.tsx(295,176): error TS17004: Cannot use JSX unless the '--jsx' flag is provided.
src/admin/pages/boarding/BoardingCareSchedulePage.tsx(295,181): error TS17004: Cannot use JSX unless the '--jsx' flag is provided.
src/admin/pages/boarding/BoardingCareSchedulePage.tsx(295,238): error TS17004: Cannot use JSX unless the '--jsx' flag is provided.
src/admin/pages/boarding/BoardingCareSchedulePage.tsx(296,45): error TS17004: Cannot use JSX unless the '--jsx' flag is provided.
src/admin/pages/boarding/BoardingCareSchedulePage.tsx(297,45): error TS17004: Cannot use JSX unless the '--jsx' flag is provided.
src/admin/pages/boarding/BoardingCareSchedulePage.tsx(297,56): error TS17004: Cannot use JSX unless the '--jsx' flag is provided.
src/admin/pages/boarding/BoardingCareSchedulePage.tsx(297,91): error TS17004: Cannot use JSX unless the '--jsx' flag is provided.
src/admin/pages/boarding/BoardingCareSchedulePage.tsx(297,241): error TS17004: Cannot use JSX unless the '--jsx' flag is provided.
src/admin/pages/boarding/BoardingCareSchedulePage.tsx(297,323): error TS17004: Cannot use JSX unless the '--jsx' flag is provided.
src/admin/pages/boarding/BoardingCareSchedulePage.tsx(297,473): error TS17004: Cannot use JSX unless the '--jsx' flag is provided.
src/admin/pages/boarding/BoardingCareSchedulePage.tsx(298,45): error TS17004: Cannot use JSX unless the '--jsx' flag is provided.
src/admin/pages/boarding/BoardingCareSchedulePage.tsx(298,70): error TS17004: Cannot use JSX unless the '--jsx' flag is provided.
src/admin/pages/boarding/BoardingCareSchedulePage.tsx(300,41): error TS17004: Cannot use JSX unless the '--jsx' flag is provided.
src/admin/pages/boarding/BoardingCareSchedulePage.tsx(300,51): error TS17004: Cannot use JSX unless the '--jsx' flag is provided.
src/admin/pages/boarding/BoardingCareSchedulePage.tsx(300,108): error TS17004: Cannot use JSX unless the '--jsx' flag is provided.
src/admin/pages/boarding/BoardingCareSchedulePage.tsx(300,148): error TS17004: Cannot use JSX unless the '--jsx' flag is provided.
src/admin/pages/boarding/BoardingCareSchedulePage.tsx(305,21): error TS17004: Cannot use JSX unless the '--jsx' flag is provided.
src/admin/pages/boarding/BoardingCareSchedulePage.tsx(309,13): error TS17004: Cannot use JSX unless the '--jsx' flag is provided.
src/admin/pages/boarding/BoardingCareSchedulePage.tsx(310,17): error TS17004: Cannot use JSX unless the '--jsx' flag is provided.
src/admin/pages/boarding/BoardingCareSchedulePage.tsx(311,17): error TS17004: Cannot use JSX unless the '--jsx' flag is provided.
src/admin/pages/boarding/BoardingCareSchedulePage.tsx(312,36): error TS17004: Cannot use JSX unless the '--jsx' flag is provided.
src/admin/pages/boarding/BoardingCareSchedulePage.tsx(313,25): error TS17004: Cannot use JSX unless the '--jsx' flag is provided.
src/admin/pages/boarding/BoardingCareSchedulePage.tsx(314,29): error TS17004: Cannot use JSX unless the '--jsx' flag is provided.
src/admin/pages/boarding/BoardingCareSchedulePage.tsx(315,33): error TS17004: Cannot use JSX unless the '--jsx' flag is provided.
src/admin/pages/boarding/BoardingCareSchedulePage.tsx(317,37): error TS17004: Cannot use JSX unless the '--jsx' flag is provided.
src/admin/pages/boarding/BoardingCareSchedulePage.tsx(318,41): error TS17004: Cannot use JSX unless the '--jsx' flag is provided.
src/admin/pages/boarding/BoardingCareSchedulePage.tsx(319,41): error TS17004: Cannot use JSX unless the '--jsx' flag is provided.
src/admin/pages/boarding/BoardingCareSchedulePage.tsx(319,134): error TS17004: Cannot use JSX unless the '--jsx' flag is provided.
src/admin/pages/boarding/BoardingCareSchedulePage.tsx(322,33): error TS17004: Cannot use JSX unless the '--jsx' flag is provided.
src/admin/pages/boarding/BoardingCareSchedulePage.tsx(323,33): error TS17004: Cannot use JSX unless the '--jsx' flag is provided.
src/admin/pages/boarding/BoardingCareSchedulePage.tsx(326,48): error TS17004: Cannot use JSX unless the '--jsx' flag is provided.
src/admin/pages/boarding/BoardingCareSchedulePage.tsx(336,29): error TS17004: Cannot use JSX unless the '--jsx' flag is provided.
src/admin/pages/boarding/BoardingCareSchedulePage.tsx(336,86): error TS17004: Cannot use JSX unless the '--jsx' flag is provided.
src/admin/pages/boarding/BoardingCareSchedulePage.tsx(336,136): error TS17004: Cannot use JSX unless the '--jsx' flag is provided.
src/admin/pages/boarding/BoardingCareSchedulePage.tsx(336,188): error TS17004: Cannot use JSX unless the '--jsx' flag is provided.
src/admin/pages/boarding/BoardingCareSchedulePage.tsx(338,33): error TS17004: Cannot use JSX unless the '--jsx' flag is provided.
src/admin/pages/boarding/BoardingCareSchedulePage.tsx(339,37): error TS17004: Cannot use JSX unless the '--jsx' flag is provided.
src/admin/pages/boarding/BoardingCareSchedulePage.tsx(339,69): error TS17004: Cannot use JSX unless the '--jsx' flag is provided.
src/admin/pages/boarding/BoardingCareSchedulePage.tsx(341,41): error TS17004: Cannot use JSX unless the '--jsx' flag is provided.
src/admin/pages/boarding/BoardingCareSchedulePage.tsx(342,45): error TS17004: Cannot use JSX unless the '--jsx' flag is provided.
src/admin/pages/boarding/BoardingCareSchedulePage.tsx(343,49): error TS17004: Cannot use JSX unless the '--jsx' flag is provided.
src/admin/pages/boarding/BoardingCareSchedulePage.tsx(344,49): error TS17004: Cannot use JSX unless the '--jsx' flag is provided.
src/admin/pages/boarding/BoardingCareSchedulePage.tsx(352,78): error TS17004: Cannot use JSX unless the '--jsx' flag is provided.
src/admin/pages/boarding/BoardingCareSchedulePage.tsx(355,49): error TS17004: Cannot use JSX unless the '--jsx' flag is provided.
src/admin/pages/boarding/BoardingCareSchedulePage.tsx(356,49): error TS17004: Cannot use JSX unless the '--jsx' flag is provided.
src/admin/pages/boarding/BoardingCareSchedulePage.tsx(357,81): error TS17004: Cannot use JSX unless the '--jsx' flag is provided.
src/admin/pages/boarding/BoardingCareSchedulePage.tsx(359,49): error TS17004: Cannot use JSX unless the '--jsx' flag is provided.
src/admin/pages/boarding/BoardingCareSchedulePage.tsx(360,87): error TS17004: Cannot use JSX unless the '--jsx' flag is provided.
src/admin/pages/boarding/BoardingCareSchedulePage.tsx(362,49): error TS17004: Cannot use JSX unless the '--jsx' flag is provided.
src/admin/pages/boarding/BoardingCareSchedulePage.tsx(362,175): error TS17004: Cannot use JSX unless the '--jsx' flag is provided.
src/admin/pages/boarding/BoardingCareSchedulePage.tsx(364,45): error TS17004: Cannot use JSX unless the '--jsx' flag is provided.
src/admin/pages/boarding/BoardingCareSchedulePage.tsx(371,33): error TS17004: Cannot use JSX unless the '--jsx' flag is provided.
src/admin/pages/boarding/BoardingCareSchedulePage.tsx(372,37): error TS17004: Cannot use JSX unless the '--jsx' flag is provided.
src/admin/pages/boarding/BoardingCareSchedulePage.tsx(372,69): error TS17004: Cannot use JSX unless the '--jsx' flag is provided.
src/admin/pages/boarding/BoardingCareSchedulePage.tsx(374,41): error TS17004: Cannot use JSX unless the '--jsx' flag is provided.
src/admin/pages/boarding/BoardingCareSchedulePage.tsx(375,45): error TS17004: Cannot use JSX unless the '--jsx' flag is provided.
src/admin/pages/boarding/BoardingCareSchedulePage.tsx(376,49): error TS17004: Cannot use JSX unless the '--jsx' flag is provided.
src/admin/pages/boarding/BoardingCareSchedulePage.tsx(377,49): error TS17004: Cannot use JSX unless the '--jsx' flag is provided.
src/admin/pages/boarding/BoardingCareSchedulePage.tsx(385,78): error TS17004: Cannot use JSX unless the '--jsx' flag is provided.
src/admin/pages/boarding/BoardingCareSchedulePage.tsx(388,49): error TS17004: Cannot use JSX unless the '--jsx' flag is provided.
src/admin/pages/boarding/BoardingCareSchedulePage.tsx(389,49): error TS17004: Cannot use JSX unless the '--jsx' flag is provided.
src/admin/pages/boarding/BoardingCareSchedulePage.tsx(390,81): error TS17004: Cannot use JSX unless the '--jsx' flag is provided.
src/admin/pages/boarding/BoardingCareSchedulePage.tsx(392,49): error TS17004: Cannot use JSX unless the '--jsx' flag is provided.
src/admin/pages/boarding/BoardingCareSchedulePage.tsx(393,87): error TS17004: Cannot use JSX unless the '--jsx' flag is provided.
src/admin/pages/boarding/BoardingCareSchedulePage.tsx(395,49): error TS17004: Cannot use JSX unless the '--jsx' flag is provided.
src/admin/pages/boarding/BoardingCareSchedulePage.tsx(395,176): error TS17004: Cannot use JSX unless the '--jsx' flag is provided.
src/admin/pages/boarding/BoardingCareSchedulePage.tsx(397,45): error TS17004: Cannot use JSX unless the '--jsx' flag is provided.
src/admin/pages/boarding/BoardingCareSchedulePage.tsx(403,47): error TS17004: Cannot use JSX unless the '--jsx' flag is provided.
src/admin/pages/boarding/BoardingCareSchedulePage.tsx(407,17): error TS17004: Cannot use JSX unless the '--jsx' flag is provided.
src/admin/pages/boarding/BoardingCareSchedulePage.tsx(407,32): error TS17004: Cannot use JSX unless the '--jsx' flag is provided.
src/admin/pages/boarding/BoardingCareSchedulePage.tsx(407,93): error TS17004: Cannot use JSX unless the '--jsx' flag is provided.
src/admin/pages/boarding/BoardingCareSchedulePage.tsx(410,13): error TS17004: Cannot use JSX unless the '--jsx' flag is provided.
src/admin/pages/boarding/BoardingCareSchedulePage.tsx(411,17): error TS17004: Cannot use JSX unless the '--jsx' flag is provided.
src/admin/pages/boarding/BoardingCareSchedulePage.tsx(412,79): error TS17004: Cannot use JSX unless the '--jsx' flag is provided.
src/admin/pages/boarding/BoardingCareSchedulePage.tsx(412,196): error TS17004: Cannot use JSX unless the '--jsx' flag is provided.
src/admin/pages/boarding/BoardingPetDiaryManager.tsx(88,44): error TS17004: Cannot use JSX unless the '--jsx' flag is provided.
src/admin/pages/boarding/BoardingPetDiaryManager.tsx(91,9): error TS17004: Cannot use JSX unless the '--jsx' flag is provided.
src/admin/pages/boarding/BoardingPetDiaryManager.tsx(92,13): error TS17004: Cannot use JSX unless the '--jsx' flag is provided.
src/admin/pages/boarding/BoardingPetDiaryManager.tsx(94,21): error TS17004: Cannot use JSX unless the '--jsx' flag is provided.
src/admin/pages/boarding/BoardingPetDiaryManager.tsx(114,36): error TS17004: Cannot use JSX unless the '--jsx' flag is provided.
src/admin/pages/boarding/BoardingPetDiaryManager.tsx(122,17): error TS17004: Cannot use JSX unless the '--jsx' flag is provided.
src/admin/pages/boarding/BoardingPetDiaryManager.tsx(123,21): error TS17004: Cannot use JSX unless the '--jsx' flag is provided.
src/admin/pages/boarding/BoardingPetDiaryManager.tsx(126,17): error TS17004: Cannot use JSX unless the '--jsx' flag is provided.
src/admin/pages/boarding/BoardingPetDiaryManager.tsx(128,25): error TS17004: Cannot use JSX unless the '--jsx' flag is provided.
src/admin/pages/boarding/BoardingPetDiaryManager.tsx(129,29): error TS17004: Cannot use JSX unless the '--jsx' flag is provided.
src/admin/pages/boarding/BoardingPetDiaryManager.tsx(137,33): error TS17004: Cannot use JSX unless the '--jsx' flag is provided.
src/admin/pages/boarding/BoardingPetDiaryManager.tsx(147,37): error TS17004: Cannot use JSX unless the '--jsx' flag is provided.
src/admin/pages/boarding/BoardingPetDiaryManager.tsx(148,41): error TS17004: Cannot use JSX unless the '--jsx' flag is provided.
src/admin/pages/boarding/BoardingPetDiaryManager.tsx(159,45): error TS17004: Cannot use JSX unless the '--jsx' flag is provided.
src/admin/pages/boarding/BoardingPetDiaryManager.tsx(161,41): error TS17004: Cannot use JSX unless the '--jsx' flag is provided.
src/admin/pages/boarding/BoardingPetDiaryManager.tsx(165,37): error TS17004: Cannot use JSX unless the '--jsx' flag is provided.
src/admin/pages/boarding/BoardingPetDiaryManager.tsx(170,52): error TS17004: Cannot use JSX unless the '--jsx' flag is provided.
src/admin/pages/boarding/BoardingPetDiaryManager.tsx(182,33): error TS17004: Cannot use JSX unless the '--jsx' flag is provided.
src/admin/pages/boarding/BoardingPetDiaryManager.tsx(183,37): error TS17004: Cannot use JSX unless the '--jsx' flag is provided.
src/admin/pages/boarding/BoardingPetDiaryManager.tsx(184,41): error TS17004: Cannot use JSX unless the '--jsx' flag is provided.
src/admin/pages/boarding/BoardingPetDiaryManager.tsx(185,45): error TS17004: Cannot use JSX unless the '--jsx' flag is provided.
src/admin/pages/boarding/BoardingPetDiaryManager.tsx(186,49): error TS17004: Cannot use JSX unless the '--jsx' flag is provided.
src/admin/pages/boarding/BoardingPetDiaryManager.tsx(187,49): error TS17004: Cannot use JSX unless the '--jsx' flag is provided.
src/admin/pages/boarding/BoardingPetDiaryManager.tsx(193,77): error TS17004: Cannot use JSX unless the '--jsx' flag is provided.
src/admin/pages/boarding/BoardingPetDiaryManager.tsx(197,41): error TS17004: Cannot use JSX unless the '--jsx' flag is provided.
src/admin/pages/boarding/BoardingPetDiaryManager.tsx(198,45): error TS17004: Cannot use JSX unless the '--jsx' flag is provided.
src/admin/pages/boarding/BoardingPetDiaryManager.tsx(199,49): error TS17004: Cannot use JSX unless the '--jsx' flag is provided.
src/admin/pages/boarding/BoardingPetDiaryManager.tsx(200,49): error TS17004: Cannot use JSX unless the '--jsx' flag is provided.
src/admin/pages/boarding/BoardingPetDiaryManager.tsx(206,80): error TS17004: Cannot use JSX unless the '--jsx' flag is provided.
src/admin/pages/boarding/BoardingPetDiaryManager.tsx(210,41): error TS17004: Cannot use JSX unless the '--jsx' flag is provided.
src/admin/pages/boarding/BoardingPetDiaryManager.tsx(211,45): error TS17004: Cannot use JSX unless the '--jsx' flag is provided.
src/admin/pages/boarding/BoardingPetDiaryManager.tsx(212,49): error TS17004: Cannot use JSX unless the '--jsx' flag is provided.
src/admin/pages/boarding/BoardingPetDiaryManager.tsx(213,49): error TS17004: Cannot use JSX unless the '--jsx' flag is provided.
src/admin/pages/boarding/BoardingPetDiaryManager.tsx(219,75): error TS17004: Cannot use JSX unless the '--jsx' flag is provided.
src/admin/pages/boarding/BoardingPetDiaryManager.tsx(223,41): error TS17004: Cannot use JSX unless the '--jsx' flag is provided.
src/admin/pages/boarding/BoardingPetDiaryManager.tsx(224,45): error TS17004: Cannot use JSX unless the '--jsx' flag is provided.
src/stores/useAuthStore.ts(49,5): error TS1343: The 'import.meta' meta-property is only allowed when the '--module' option is 'es2020', 'es2022', 'esnext', 'system', 'node16', 'node18', or 'nodenext'.
src/stores/useAuthStore.ts(49,17): error TS2339: Property 'env' does not exist on type 'ImportMeta'.
